// Jest Snapshot v1, https://goo.gl/fbAQLP

exports[`StyledHero renders correctly 1`] = `
<div>
  <header
    class="sc-bdfBwQ bKhFOX"
  >
    <p>
      hello
    </p>
  </header>
</div>
`;
